// Jest Snapshot v1, https://goo.gl/fbAQLP

exports[`check qr screen 1`] = `[Function]`;
